
=== API error spike (50% of requests fail)  (expecting HighErrorRate)
    chat after 64.3s, email after 59.3s; Prometheus firing ['HighErrorRate']; inhibited []
    resolved after 56.7s

=== Slow responses (1.5 s per request)  (expecting HighLatencyP95)
    chat after 89.6s, email after Nones; Prometheus firing ['HighLatencyP95']; inhibited []
    resolved after 56.5s

=== App hangs (3 s, health probe times out)  (expecting EndpointDown)
    chat after 60.3s, email after 55.3s; Prometheus firing ['EndpointDown', 'ServiceNotReady']; inhibited ['ServiceNotReady']
    resolved after 25.9s

=== Memory leak up to ~85% of the limit  (expecting ContainerMemoryNearLimit)
    chat after 71.6s, email after Nones; Prometheus firing ['ContainerMemoryNearLimit']; inhibited []
    resolved after 25.9s

=== CPU burn (container at its CPU limit)  (expecting ContainerHighCPU)
    chat after Nones, email after Nones; Prometheus firing []; inhibited []
    resolved after Nones

=== Database outage (docker stop ia2-redis)  (expecting DependencyDown)
    chat after Nones, email after 65.7s; Prometheus firing ['DependencyDown', 'HighErrorRate', 'HighLatencyP95', 'ServiceNotReady']; inhibited ['HighErrorRate', 'HighLatencyP95', 'ServiceNotReady']
    resolved after 36.9s

=== Out of memory (fast leak, kernel OOM kill)  (expecting ContainerOOMKilled)
    chat after 31.2s, email after 26.2s; Prometheus firing ['ContainerOOMKilled']; inhibited []
    resolved after 296.0s

=== Container crash (process exits)  (expecting ContainerRestarted)
    chat after 16.4s, email after Nones; Prometheus firing ['ContainerRestarted']; inhibited []
    resolved after Nones

=== Whole service down (docker stop ia2-shop-api)  (expecting ServiceDown)
    chat after 51.7s, email after 46.7s; Prometheus firing ['ContainerRestarted', 'EndpointDown', 'ServiceDown', 'ServiceNotReady']; inhibited ['EndpointDown', 'ServiceNotReady']
    resolved after 26.8s

=== 10 s blip (docker stop, wait 10 s, docker start)
    critical pages during blip: none

| Scenario | Expected alert | Severity | Ops chat | On-call email | Resolved after fix | Firing in Prometheus | Suppressed by inhibition |
|---|---|---|---|---|---|---|---|
| API error spike (50% of requests fail) | `HighErrorRate` | critical | 64 s | 59 s | 57 s | HighErrorRate | – |
| Slow responses (1.5 s per request) | `HighLatencyP95` | warning | 90 s | – | 56 s | HighLatencyP95 | – |
| App hangs (3 s, health probe times out) | `EndpointDown` | critical | 60 s | 55 s | 26 s | EndpointDown, ServiceNotReady | ServiceNotReady |
| Memory leak up to ~85% of the limit | `ContainerMemoryNearLimit` | warning | 72 s | – | 26 s | ContainerMemoryNearLimit | – |
| CPU burn (container at its CPU limit) | `ContainerHighCPU` | warning | – | – | – | – | – |
| Database outage (docker stop ia2-redis) | `DependencyDown` | critical | – | 66 s | 37 s | DependencyDown, HighErrorRate, HighLatencyP95, ServiceNotReady | HighErrorRate, HighLatencyP95, ServiceNotReady |
| Out of memory (fast leak, kernel OOM kill) | `ContainerOOMKilled` | critical | 31 s | 26 s | 296 s | ContainerOOMKilled | – |
| Container crash (process exits) | `ContainerRestarted` | warning | 16 s | – | – | ContainerRestarted | – |
| Whole service down (docker stop ia2-shop-api) | `ServiceDown` | critical | 52 s | 47 s | 27 s | ContainerRestarted, EndpointDown, ServiceDown, ServiceNotReady | EndpointDown, ServiceNotReady |

False-positive check, 10 s outage: critical pages sent = 0
